358 failed entries to refetch
[1/358] search 'actor search trends 2024': ok
[2/358] search 'current mayor of Kinshasa': ok
[3/358] search "Kendrick Lamar's diss track 'Not Like Us' main subject count": ok
[4/358] search "winner of Paris 2024 women's marathon": ok
[5/358] search '2024 Palauan general election losing nominee': ok
[6/358] search 'League of Legends 2024 most wins European Championship playe': ok
[7/358] search "Guinness World Records five Olympic women's soccer gold meda": ok
[8/358] search 'Tesla CFO': ok
[9/358] search 'fastest 10m skateboard cat Guinness World Records 2024': ok
[10/358] search 'UEFA European Football Championships most matches country re': ok
[11/358] fetch 'University of Nebraska-Lincoln': ok
[12/358] search 'oldest player in UEFA European Championships 2024': ok
[13/358] search 'Guinness World Records 2024 robot championship location': ok
[14/358] search 'Netflix most-watched fictional period drama 2024': ok
[15/358] search 'female wheelchair tennis grand slam titles 2024': ok
[16/358] search 'Kickstarter new CMO 2024': ok
[17/358] search 'Yakut (Sakha) language region': ok
[18/358] search 'highest GDP country 2024': ok
[19/358] search 'Seoul Institute of the Arts president 2025': ok
[20/358] search 'current mayor of Dallas Texas': ok
[21/358] search 'top Spotify artist 2024': ok
[22/358] search '2024 Pulitzer Prize Fiction winner author': ok
[23/358] search 'movies starring Mariska Hargitay': ok
[24/358] search 'Forbes most powerful women 2024': ok
[25/358] search 'current mayor of Kinshasa 2025': ok
[26/358] search 'Kendrick Lamar Not Like Us subject country': ok
[27/358] search 'largest whistling archery gathering Guinness World Records 2': ok
[28/358] search 'Eurovision 2024 winner country': ok
[29/358] search '2024 breakthrough drug science award': ok
[30/358] search '2024 Palauan general election losing candidate': ok
[31/358] search 'UEFA European Football Championships most matches country 20': ok
[32/358] search 'largest waterfall in Kenya': ok
[33/358] search 'breakthrough drug of the year in science 2024': ok
[34/358] search 'Alex Zanardi 2024 driving ban': ok
[35/358] search '2024 Boston Marathon winner details': ok
[36/358] search "world's fastest supercomputer 2024": ok
[37/358] search 'Swedish swimmer consecutive long course World Championship g': ok
[38/358] search 'World Rally Championship most entries record holder 2024': ok
[39/358] search 'most male grand slam wheelchair singles titles 2024': ok
[40/358] search 'Moderna CEO': ok
[41/358] search '2024 Guinness World Records racquetball female champion': ok
[42/358] search 'UEFA European Championship highest goals scored by a team re': ok
[43/358] search '2024 F1 champion birth country': ok
[44/358] search 'Crystal Light brand owner': ok
[45/358] search 'Forbes youngest billionaire 2024 country': ok
[46/358] search 'top-selling video game in the U.S. 2024': ok
[47/358] search '2024 science breakthrough drug': ok
[48/358] search 'top-grossing movie 2024': ok
[49/358] search '2024 WTA Finals winner': ok
[50/358] search 'Super Mario Kart World Championships Guinness World Records ': ok
[51/358] search 'player with most UFC title bout wins by November 2024': ok
[52/358] search '2024 WTA Finals result': ok
[53/358] search 'oldest goalscorer UEFA European Championships 2024': ok
[54/358] search 'largest waterfall in Kenya and surrounding jungle': ok
[55/358] search 'IJSBA World Championships 2024 Guinness World Records': ok
[56/358] search '2024 Boston Marathon winner': ok
[57/358] search '2024 WTA Finals champion': ok
[58/358] search '2024 science breakthrough drug company': ok
[59/358] search 'most female Grand Slam wheelchair singles titles 2024 Guinne': ok
[60/358] search 'origami dolphin Guinness World Records 2024 display city': ok
[61/358] search '2024 sports championship live-streamed games count': ok
[62/358] search 'Paul Thomas Anderson university': ok
[63/358] search 'World Rally Championship most entries Guinness World Records': ok
[64/358] search 'UEFA European Championship highest team goals record city': ok
[65/358] search '2024 Masters Tournament champion': ok
[66/358] search "World Women's Curling Championship titles 2024 Guinness Worl": ok
[67/358] search 'UEFA European Championships 2024 squad list': ok
[68/358] search 'Billie Eilish 2024 album second single': ok
[69/358] search 'female high diving gold medalist World Aquatics Championship': ok
[70/358] search '2024 IRONMAN World Championship amputee fastest time': ok
[71/358] search 'games with highest sales in the U.S. 2024': ok
[72/358] search '2025 Academy Awards predicted Best Picture movie release dat': ok
[73/358] search 'UFC fighter with most title wins as of November 2024': ok
[74/358] search 'most freestyle football world titles won male Guinness World': ok
[75/358] search 'Eurovision 2024 winner': ok
[76/358] search "Women's World Badminton Team Championships most titles Guinn": ok
[77/358] search 'research universities in Omaha, Nebraska': ok
[78/358] search 'G7 summit 2024 host country': ok
[79/358] search 'Italian player with most Ligue 1 titles': ok
[80/358] search '2024 Formula 1 World Champion birth country': ok
[81/358] search 'MLB 2024 home run champion': ok
[82/358] search 'top-selling video games in the U.S. 2024': ok
[83/358] search 'lowest PGA Championship score 2024': ok
[84/358] search 'Yang Zhilin university': ok
[85/358] search 'robot championship Guinness World Records 2024 location': ok
[86/358] search 'most searched actor 2024': ok
[87/358] search 'origami dolphin Guinness World Records 2024 display': ok
[88/358] search 'Kickstarter CMO 2024': ok
[89/358] search 'largest IPO in 2024': ok
[90/358] search 'MLB 2024 home run leader': ok
[91/358] search '2024 sports championship live-streamed games country': ok
[92/358] search 'female racquetball player with most world championships 2024': ok
[93/358] search "world's best restaurant CNN 2024": ok
[94/358] search '2025 president of the United States': ok
[95/358] search 'Superbike Championship consecutive wins 2024': ok
[96/358] search '2024 box office top movie': ok
[97/358] search 'most popular actor 2024': ok
[98/358] search 'winner of 2024 WTA Finals': ok
[99/358] search 'most populated city in Malaysia 2024 current mayor April 202': ok
[100/358] search "Paris 2024 women's marathon winner name": ok
[101/358] search 'safest airline 2024 AirlineRatings.com': ok
[102/358] search 'Mariska Hargitay filmography': ok
[103/358] search 'highest-grossing movie of 2024': ok
[104/358] search '2024 Game of the Year winner': ok
[105/358] search 'male artist fastest billion streams Spotify 2024': ok
[106/358] search '2024 Goodreads Choice Award Fiction winner': ok
[107/358] search 'most words on a postage stamp 2024': ok
[108/358] search 'Forbes most powerful woman 2024': ok
[109/358] search 'CEO of Moonshot AI': ok
[110/358] search 'Billie Eilish 2024 album singles': ok
[111/358] search 'Kraft Heinz CEO': ok
[112/358] search "world's largest non-government employer 2024 headquarters lo": ok
[113/358] search 'Serbian player with most consecutive ATP titles 2024': ok
[114/358] search 'Han Kang education': ok
[115/358] search '2024 UEFA Champions League final': ok
[116/358] search 'Guinness World Records most words on a postage stamp 2024': ok
[117/358] search 'artist with highest Spotify streams in 2024': ok
[118/358] search "CNN world's best restaurant 2024": ok
[119/358] search 'sports championship 2024 live-streamed games': ok
[120/358] fetch 'Diede de Groot': ok
[121/358] search '67th Grammy Awards Album of the Year winner': ok
[122/358] search 'Lingala spoken country': ok
[123/358] search 'largest waterfall in Kenya national park': ok
[124/358] search 'maximum number of games live-streamed in 2024': ok
[125/358] search 'most expensive car 2024 list': ok
[126/358] search '2024 Masters Tournament winner': ok
[127/358] search 'postage stamp record 2024': ok
[128/358] search 'Moderna company information': ok
[129/358] search 'Guinness World Records largest origami dolphin display 2024 ': ok
[130/358] search 'University of the South Pacific president': ok
[131/358] search 'most Ligue 1 titles by Brazilian player': ok
[132/358] search 'female high diving gold medalist World Aquatics Championship': ok
[133/358] search 'Guinness World Records most male Grand Slam wheelchair singl': ok
[134/358] search "world's largest non-government employer 2024 headquarters": ok
[135/358] search 'smartphone sales rankings first three quarters 2024': ok
[136/358] search 'current head coach of Paris Saint-Germain FC': ok
[137/358] search 'Swedish swimmer consecutive long course World Championship g': ok
[138/358] search 'most male Grand Slam wheelchair singles titles Guinness Worl': ok
[139/358] search 'Superbike Championship consecutive wins record 2024': ok
[140/358] search 'animated movie starring Mariska Hargitay 2024': ok
[141/358] search 'Boris Bošnjaković Grand Slam titles 2024': ok
[142/358] search '2024 Guinness World Records Swedish swimmer consecutive long': ok
[143/358] search 'Tommy Remengesau Jr. college attended': ok
[144/358] search 'IJSBA World Championship 2024 top winner Guinness World Reco': ok
[145/358] search 'G7 summit 2024': ok
[146/358] search 'most international tourists 2024': ok
[147/358] search '2024 IRONMAN World Championship amputee athlete driving ban': ok
[148/358] search 'League of Legends European Championships 2024 most wins reco': ok
[149/358] search 'most NBA championships in history': ok
[150/358] search "Olympic Women's Football titles record holders": ok
[151/358] search 'actor most searched on Google in 2024': ok
[152/358] search 'lowest-ranked tennis player ATP Tour title Guinness World Re': ok
[153/358] search '2024 Tour de France winner': ok
[154/358] search 'male artist with fastest billion streams on Spotify 2024': ok
[155/358] search 'current UFC champion as of November 2024': ok
[156/358] search 'smartphone sales rankings 2024': ok
[157/358] search '2025 Academy Awards Best Picture prediction': ok
[158/358] search "world's largest chicken-shaped building 2024 Guinness World ": ok
[159/358] search '2024 Summer Olympics host city and country': ok
[160/358] search 'UEFA Euro 2024 youngest player': ok
[161/358] search 'top tourist destinations 2024': ok
[162/358] search 'MLB 2024 home run record': ok
[163/358] search 'IJSBA World Championship 2024 top winner nationality': ok
[164/358] search 'country with highest GDP in 2024': ok
[165/358] search '2024 Game Awards Game of the Year': ok
[166/358] search 'UEFA Champions League 2024 winner team': ok
[167/358] search 'Guinness World Records most consecutive female wheelchair si': ok
[168/358] search '2024 Game Awards': ok
[169/358] fetch 'Tokyo Metro (company)': ok
[170/358] search 'Superbike Championship most consecutive wins 2024 rider': ok
[171/358] search '2024 Guinness World Records female high diving gold medalist': ok
[172/358] fetch 'List of best-selling video games in the United States by yea': ok
[173/358] search 'Guinness World Record most ABBA song titles in one minute co': ok
[174/358] search "World Women's Curling Championship most titles 2024": ok
[175/358] search 'current head coach of Paris Saint-Germain 2025': ok
[176/358] search 'CNN 2024 best restaurant award': ok
[177/358] search 'Netflix most-watched period drama 2024 director Forbes': ok
[178/358] search 'G7 summit 2024 host': ok
[179/358] search 'UEFA European Championships 2024 youngest player': ok
[180/358] search "Country with most World Women's Curling Championship titles ": ok
[181/358] search 'smartphone unit shipments 2024': ok
[182/358] search '2024 Summer Olympics host country capital mayor': ok
[183/358] search 'supercomputer 2024': ok
[184/358] search 'Guinness World Records 2024 whistling archery gathering loca': ok
[185/358] search 'highest-grossing movie 2024': ok
[186/358] search 'largest IPO 2024': ok
[187/358] search 'top searched actor 2024': ok
[188/358] search '2024 Boston Marathon winner country': ok
[189/358] search 'UEFA European Championships 2024 oldest player': ok
[190/358] search '2024 Summer Olympics host country': ok
[191/358] search 'largest research university in Omaha, Nebraska': ok
[192/358] search 'LineShine operating system': ok
[193/358] search 'Real Madrid 2024 UEFA Champions League winner': ok
[194/358] search 'Kickstarter Chief Marketing Officer 2024': ok
[195/358] search 'best-selling electric vehicle 2024': ok
[196/358] search "world's best restaurant 2024": ok
[197/358] search 'Crystal Light lemonade powder mix manufacturer': ok
[198/358] search 'most words postage stamp record 2024': ok
[199/358] search '2024 Guinness World Records female racquetball world champio': ok
[200/358] search 'Spotify 2024 top artist': ok
[201/358] search "world's largest non-government employer 2024 headquarters ci": ok
[202/358] search 'most Olympic Women’s Football titles won 2024 Guinness World': ok
[203/358] search "world's largest marathon 2024 winner": ok
[204/358] search 'current head coach Paris Saint-Germain': ok
[205/358] search 'best restaurant CNN 2024': ok
[206/358] search 'Prime minister of Canada salary 2024': ok
[207/358] search 'animated films 2024': ok
[208/358] search "Paris 2024 women's marathon winner": ok
[209/358] search '2024 Pulitzer Prize for Fiction': ok
[210/358] search 'lowest-ranked player to win ATP Tour title Guinness World Re': ok
[211/358] search 'UEFA Euro highest team goals record': ok
[212/358] search 'university in Omaha Nebraska': ok
[213/358] search '2024 Goodreads Fiction Award winner book': ok
[214/358] search 'Guinness World Records 2024 most books with different title ': ok
[215/358] search 'UEFA European Championships 2024 team members': ok
[216/358] search 'most Ligue 1 titles Italian player': ok
[217/358] search 'most words postage stamp Guinness World Records 2024': ok
[218/358] search 'most visited cities 2024': ok
[219/358] search 'Seoul Institute of the Arts leadership': ok
[220/358] search 'Yakut language region': ok
[221/358] search 'Forbes 2024 most powerful woman': ok
[222/358] search "TIME's 2024 Person of the Year": ok
[223/358] search 'UEFA Euro 2024 oldest goalscorer': ok
[224/358] search 'lowest-ranked tennis player win ATP Tour title Guinness Worl': ok
[225/358] search 'Scottie Scheffler family': ok
[226/358] search 'national park in Kenya with largest waterfall': ok
[227/358] search 'Guinness World Records 2024 largest whistling archery gather': ok
[228/358] search '2024 box office earnings': ok
[229/358] search 'most consecutive Superbike Championship race wins 2024': ok
[230/358] search 'League of Legends European Championships 2024 top player win': ok
[231/358] search '2024 United States presidential election winner': ok
[232/358] search 'current president of the United States': ok
[233/358] search 'Forbes youngest billionaire 2024': ok
[234/358] search 'Guinness World Records fastest 10m skateboard cat 2024': ok
[235/358] search 'player who won the most Super Mario Kart World Championships': ok
[236/358] search 'fastest supercomputer 2024': ok
[237/358] search 'Brazilian player with most Ligue 1 titles 2023-2024': ok
[238/358] fetch 'Toprak Razgatlıoğlu': ok
[239/358] search '2024 United States presidential election results': ok
[240/358] search 'highest price art auction record 2024': ok
[241/358] search 'best-selling electric vehicle 2024 alternative query': ok
[242/358] search 'Guinness World Records most consecutive female wheelchair te': ok
[243/358] search 'Forbes most powerful women list': ok
[244/358] search 'Guinness World Records 2024 fastest 10m skateboard cat': ok
[245/358] search 'country with highest GDP 2024': ok
[246/358] search "Women's World Badminton Team Championships most triumphant t": ok
[247/358] search 'current chairman of Al-Nassr during 2019-2023': ok
[248/358] search 'Super Mario Kart World Championships Guinness World Records ': ok
[249/358] search 'Kickstarter new Chief Marketing Officer 2024': ok
[250/358] search 'most words on a postage stamp record 2024 city': ok
[251/358] search 'universities in Omaha Nebraska': ok
[252/358] search 'Prime minister of Canada salary 2024 CAD': ok
[253/358] search 'Moderna founder': ok
[254/358] search "country with five Olympic women's soccer gold medals in 2024": ok
[255/358] search 'Guinness World Records largest robot championship 2024': ok
[256/358] search 'Crystal Light lemonade powder mix owner': ok
[257/358] search 'UEFA European Football Championships most matches country 20': ok
[258/358] search '2025 United States presidential election': ok
[259/358] search 'Paul Thomas Anderson education': ok
[260/358] search '2024 IRONMAN World Championship fastest time amputations bel': ok
[261/358] search 'Guinness World Records ABBA song titles one minute country': ok
[262/358] search 'current mayor Dallas Texas birthday': ok
[263/358] search 'Swedish swimmer consecutive long course gold medals 2024 rec': ok
[264/358] fetch 'Forbes 2024 Most Powerful Woman': ok
[265/358] search "2024 Guinness World Records Olympic Women's Football titles ": ok
[266/358] search '67th Grammy Awards Album of the Year': ok
[267/358] search 'Guinness World Records 2024 highest number of World Rally Ch': ok
[268/358] search 'Lingala primary country': ok
[269/358] search '2024 Guinness World Records female racquetball': ok
[270/358] search 'Eurovision 2024 winner country most populous city': ok
[271/358] search 'birth city of the current chairman of the team with the high': ok
[272/358] search '2024 Tour de France winner birth country': ok
[273/358] search 'Tesla Inc. chief financial officer': ok
[274/358] search 'postage stamp record 2024 city': ok
[275/358] search '2024 F1 champion name and birth country': ok
[276/358] search 'PGA Championship lowest score 2024 player': ok
[277/358] search 'robot championship Guinness World Records 2024 city': ok
[278/358] search 'Guinness World Records largest whistling archery gathering 2': ok
[279/358] search 'MLB 2024 home run leader alternative search': ok
[280/358] search 'G7 summit host country 2024': ok
[281/358] search 'release date of AI model with highest performance on ARC-AGI': ok
[282/358] search 'CNN 2024 best restaurant': ok
[283/358] search 'president of the United States': ok
[284/358] search "team with the highest number of consecutive women's football": ok
[285/358] search 'UEFA European Football Championships most matches country 20': ok
[286/358] search "world's largest non-government employer 2024": ok
[287/358] search 'Swedish swimmer consecutive long course World Championship g': ok
[288/358] search 'CEO of Moonshot AI university': ok
[289/358] search 'most words on a postage stamp record 2024': ok
[290/358] search '2024 Goodreads Fiction Award winner author': ok
[291/358] search 'largest robot championship Guinness World Records 2024': ok
[292/358] search 'highest price art auction 2024': ok
[293/358] search 'most snooker ranking titles Guinness World Records 2024': ok
[294/358] search '2024 Pulitzer Prize for Fiction winner': ok
[295/358] search 'female Grand Slam wheelchair singles titles 2024 Guinness Wo': ok
[296/358] search 'female racquetball world champion 2024 Guinness World Record': ok
[297/358] search 'League of Legends 2024 European Championship top player wins': ok
[298/358] search 'Seoul Institute of the Arts president': ok
[299/358] search "Annual salary of Canada's prime minister 2024 CAD": ok
[300/358] search 'most words on postage stamp record 2024': ok
[301/358] search 'fastest 10 m on a skateboard cat Guinness World Records 2024': ok
[302/358] search 'UEFA European Championships 2024 participants': ok
[303/358] search '2024 Goodreads Choice Award for Fiction winner': ok
[304/358] search 'Crystal Light lemonade manufacturer': ok
[305/358] search 'most NBA Championship titles according to Guinness World Rec': ok
[306/358] search 'Guinness World Records largest origami dolphin display 2024': ok
[307/358] search 'highest number of goals scored by a team in a UEFA European ': ok
[308/358] search 'NBA team with the most championships': ok
[309/358] search 'most valuable art auction 2024': ok
[310/358] search '2024 sports championship live-streamed games': ok
[311/358] search '2025 Academy Awards Best Picture': ok
[312/358] search 'most consecutive female wheelchair singles titles Guinness W': ok
[313/358] search '2024 Game Awards Game of the Year winner': ok
[314/358] search 'Xander Schauffele birthplace': ok
[315/358] search 'Paul Thomas Anderson university and School of Fine Arts foun': ok
[316/358] search 'lowest-ranked tennis player to win ATP Tour title Guinness W': ok
[317/358] search 'current chairman of the team with the highest number of cons': ok
[318/358] search '67th Grammy Awards Album of the Year winner release date': ok
[319/358] search 'player who scored the fastest goal in the UEFA European Cham': ok
[320/358] search "five Olympic women's soccer gold medals 2024 country": ok
[321/358] search 'UEFA Euro 2024 participants': ok
[322/358] search 'Lingala language country': ok
[323/358] search '2024 Formula 1 World Champion name': ok
[324/358] search 'Swedish swimmer most consecutive long course World Champions': ok
[325/358] search 'founding year of Tokyo Metro': ok
[326/358] search 'most Ligue 1 titles by a Brazilian player 2023-2024 goals': ok
[327/358] search 'Scottie Scheffler children': ok
[328/358] search 'Han Kang alma mater': ok
[329/358] search 'male artist with track reaching one billion Spotify streams ': ok
[330/358] search 'PGA Championship 2024 lowest score player': ok
[331/358] search 'origami dolphin display Guinness World Records 2024 city': ok
[332/358] search 'top tourist cities 2024': ok
[333/358] search "Forbes' youngest billionaire 2024 country": ok
[334/358] search 'Kendrick Lamar Not Like Us track subject country': ok
[335/358] search 'Super Mario Kart World Championships winner 2024': ok
[336/358] search 'second-highest number of satellites launched in 2024 country': ok
[337/358] search 'Guinness World Records water sports': ok
[338/358] search 'oldest male Grand Slam winner Guinness World Records 2024': ok
[339/358] search 'Guinness World Records most consecutive female wheelchair si': ok
[340/358] search 'Superbike Championship 2024 most consecutive wins rider': ok
[341/358] search 'Netflix most-watched fictional period drama 2024 director': ok
[342/358] search "team with most Olympic Women's Football titles 2024 Guinness": ok
[343/358] search 'UEFA European Football Championships most matches country': ok
[344/358] search '2024 UEFA Champions League winner': ok
[345/358] search 'Guinness World Records most consecutive female wheelchair si': ok
[346/358] search 'TIME 2024 Person of the Year': ok
[347/358] search 'PGA Championship 2024 lowest round score': ok
[348/358] search '2025 United States president': ok
[349/358] search 'most expensive car 2024 manufacturer': ok
[350/358] search 'most expensive car 2024': ok
[351/358] search "world's largest building shaped like a chicken 2024 Guinness": ok
[352/358] search 'LineShine system details': ok
[353/358] search 'Bill Russell birthplace': ok
[354/358] search '2024 Goodreads Fiction Award winner': ok
[355/358] search 'UEFA European Championship highest goals by team': ok
[356/358] search 'CEO of Kraft Heinz': ok
[357/358] search 'Han Kang university': ok
[358/358] search 'Forbes most powerful woman 2024 list': ok
358/358 refetched
