This is pdfTeX, Version 3.141592653-2.6-1.40.29 (TeX Live 2026) (preloaded format=pdflatex 2026.9.14)  23 SEP 2026 14:29
entering extended mode
 restricted \write18 enabled.
 file:line:error style messages enabled.
 %&-line parsing enabled.
**main.tex
(./main.tex
LaTeX2e <2026-06-01>
L3 programming layer <2026-08-10>

(/home/xiaoyu/miniconda3/envs/sglang/opt/texlive/texmf-dist/tex/latex/base/arti
cle.cls
Document Class: article 2025/01/22 v1.4n Standard LaTeX document class

(/home/xiaoyu/miniconda3/envs/sglang/opt/texlive/texmf-dist/tex/latex/base/size
10.clo
File: size10.clo 2025/01/22 v1.4n Standard LaTeX file (size option)
)
\c@part=\count276
\c@section=\count277
\c@subsection=\count278
\c@subsubsection=\count279
\c@paragraph=\count280
\c@subparagraph=\count281
\c@figure=\count282
\c@table=\count283
\abovecaptionskip=\skip49
\belowcaptionskip=\skip50
\bibindent=\dimen150
) (./style/packages.tex
(/home/xiaoyu/miniconda3/envs/sglang/opt/texlive/texmf-dist/tex/latex/amsmath/a
msmath.sty
Package: amsmath 2026/05/19 v2.18d AMS math features
\@mathmargin=\skip51

For additional information on amsmath, use the `?' option.

(/home/xiaoyu/miniconda3/envs/sglang/opt/texlive/texmf-dist/tex/latex/amsmath/a
mstext.sty
Package: amstext 2024/11/17 v2.01 AMS text

(/home/xiaoyu/miniconda3/envs/sglang/opt/texlive/texmf-dist/tex/latex/amsmath/a
msgen.sty
File: amsgen.sty 1999/11/30 v2.0 generic functions
\@emptytoks=\toks17
\ex@=\dimen151
))
(/home/xiaoyu/miniconda3/envs/sglang/opt/texlive/texmf-dist/tex/latex/amsmath/a
msbsy.sty
Package: amsbsy 1999/11/29 v1.2d Bold Symbols
\pmbraise@=\dimen152
)
(/home/xiaoyu/miniconda3/envs/sglang/opt/texlive/texmf-dist/tex/latex/amsmath/a
msopn.sty
Package: amsopn 2022/04/08 v2.04 operator names
)
\inf@bad=\count284
LaTeX Info: Redefining \frac on input line 233.
\uproot@=\count285
\leftroot@=\count286
LaTeX Info: Redefining \overline on input line 398.
LaTeX Info: Redefining \colon on input line 409.
\classnum@=\count287
\DOTSCASE@=\count288
LaTeX Info: Redefining \ldots on input line 495.
LaTeX Info: Redefining \dots on input line 498.
LaTeX Info: Redefining \cdots on input line 619.
\Mathstrutbox@=\box53
\strutbox@=\box54
LaTeX Info: Redefining \big on input line 721.
LaTeX Info: Redefining \Big on input line 722.
LaTeX Info: Redefining \bigg on input line 723.
LaTeX Info: Redefining \Bigg on input line 724.
\big@size=\dimen153
LaTeX Font Info:    Redeclaring font encoding OML on input line 742.
LaTeX Font Info:    Redeclaring font encoding OMS on input line 743.
\macc@depth=\count289
LaTeX Info: Redefining \bmod on input line 904.
LaTeX Info: Redefining \pmod on input line 909.
LaTeX Info: Redefining \smash on input line 939.
LaTeX Info: Redefining \relbar on input line 969.
LaTeX Info: Redefining \Relbar on input line 970.
\c@MaxMatrixCols=\count290
\dotsspace@=\muskip17
\c@parentequation=\count291
\dspbrk@lvl=\count292
\tag@help=\toks18
\row@=\count293
\column@=\count294
\maxfields@=\count295
\andhelp@=\toks19
\eqnshift@=\dimen154
\alignsep@=\dimen155
\tagshift@=\dimen156
\tagwidth@=\dimen157
\totwidth@=\dimen158
\lineht@=\dimen159
\@envbody=\toks20
\multlinegap=\skip52
\multlinetaggap=\skip53
\mathdisplay@stack=\toks21
LaTeX Info: Redefining \[ on input line 2965.
LaTeX Info: Redefining \] on input line 2966.
)
(/home/xiaoyu/miniconda3/envs/sglang/opt/texlive/texmf-dist/tex/latex/booktabs/
booktabs.sty
Package: booktabs 2020/01/12 v1.61803398 Publication quality tables
\heavyrulewidth=\dimen160
\lightrulewidth=\dimen161
\cmidrulewidth=\dimen162
\belowrulesep=\dimen163
\belowbottomsep=\dimen164
\aboverulesep=\dimen165
\abovetopsep=\dimen166
\cmidrulesep=\dimen167
\cmidrulekern=\dimen168
\defaultaddspace=\dimen169
\@cmidla=\count296
\@cmidlb=\count297
\@aboverulesep=\dimen170
\@belowrulesep=\dimen171
\@thisruleclass=\count298
\@lastruleclass=\count299
\@thisrulewidth=\dimen172
)
(/home/xiaoyu/miniconda3/envs/sglang/opt/texlive/texmf-dist/tex/latex/graphics/
graphicx.sty
Package: graphicx 2026-05-17 v1.2e Enhanced LaTeX Graphics (DPC,SPQR)

(/home/xiaoyu/miniconda3/envs/sglang/opt/texlive/texmf-dist/tex/latex/graphics/
keyval.sty
Package: keyval 2026-05-17 v1.15 key=value parser (DPC)
\KV@toks@=\toks22
)
(/home/xiaoyu/miniconda3/envs/sglang/opt/texlive/texmf-dist/tex/latex/graphics/
graphics.sty
Package: graphics 2026-05-17 v1.4h Standard LaTeX Graphics (DPC,SPQR)

(/home/xiaoyu/miniconda3/envs/sglang/opt/texlive/texmf-dist/tex/latex/graphics/
trig.sty
Package: trig 2023/12/02 v1.11 sin cos tan (DPC)
)
(/home/xiaoyu/miniconda3/envs/sglang/opt/texlive/texmf-dist/tex/latex/graphics-
cfg/graphics.cfg
File: graphics.cfg 2016/06/04 v1.11 sample graphics configuration
)
Package graphics Info: Driver file: pdftex.def on input line 106.

(/home/xiaoyu/miniconda3/envs/sglang/opt/texlive/texmf-dist/tex/latex/graphics-
def/pdftex.def
File: pdftex.def 2025/09/29 v1.2d Graphics/color driver for pdftex
))
\Gin@req@height=\dimen173
\Gin@req@width=\dimen174
)
(/home/xiaoyu/miniconda3/envs/sglang/opt/texlive/texmf-dist/tex/latex/xcolor/xc
olor.sty
Package: xcolor 2024/09/29 v3.02 LaTeX color extensions (UK)

(/home/xiaoyu/miniconda3/envs/sglang/opt/texlive/texmf-dist/tex/latex/graphics-
cfg/color.cfg
File: color.cfg 2016/01/02 v1.6 sample color configuration
)
Package xcolor Info: Driver file: pdftex.def on input line 274.

(/home/xiaoyu/miniconda3/envs/sglang/opt/texlive/texmf-dist/tex/latex/graphics/
mathcolor.ltx)
Package xcolor Info: Model `cmy' substituted by `cmy0' on input line 1349.
Package xcolor Info: Model `hsb' substituted by `rgb' on input line 1353.
Package xcolor Info: Model `RGB' extended on input line 1365.
Package xcolor Info: Model `HTML' substituted by `rgb' on input line 1367.
Package xcolor Info: Model `Hsb' substituted by `hsb' on input line 1368.
Package xcolor Info: Model `tHsb' substituted by `hsb' on input line 1369.
Package xcolor Info: Model `HSB' substituted by `hsb' on input line 1370.
Package xcolor Info: Model `Gray' substituted by `gray' on input line 1371.
Package xcolor Info: Model `wave' substituted by `hsb' on input line 1372.
)
(/home/xiaoyu/miniconda3/envs/sglang/opt/texlive/texmf-dist/tex/latex/tools/xsp
ace.sty
Package: xspace 2014/10/28 v1.13 Space after command names (DPC,MH)
)
(/home/xiaoyu/miniconda3/envs/sglang/opt/texlive/texmf-dist/tex/latex/tools/tab
ularx.sty
Package: tabularx 2023/12/11 v2.12a `tabularx' package (DPC)

(/home/xiaoyu/miniconda3/envs/sglang/opt/texlive/texmf-dist/tex/latex/tools/arr
ay.sty
Package: array 2026/02/24 v2.7b Tabular extension package (FMi)
\col@sep=\dimen175
\ar@mcellbox=\box55
\extrarowheight=\dimen176
\NC@list=\toks23
\extratabsurround=\skip54
\backup@length=\skip55
\ar@cellbox=\box56
)
\TX@col@width=\dimen177
\TX@old@table=\dimen178
\TX@old@col=\dimen179
\TX@target=\dimen180
\TX@delta=\dimen181
\TX@cols=\count300
\TX@ftn=\toks24
)
(/home/xiaoyu/miniconda3/envs/sglang/opt/texlive/texmf-dist/tex/latex/algorithm
s/algorithm.sty
Package: algorithm 2009/08/24 v0.1 Document Style `algorithm' - floating enviro
nment

(/home/xiaoyu/miniconda3/envs/sglang/opt/texlive/texmf-dist/tex/latex/float/flo
at.sty
Package: float 2001/11/08 v1.3d Float enhancements (AL)
\c@float@type=\count301
\float@exts=\toks25
\float@box=\box57
\@float@everytoks=\toks26
\@floatcapt=\box58
)
(/home/xiaoyu/miniconda3/envs/sglang/opt/texlive/texmf-dist/tex/latex/base/ifth
en.sty
Package: ifthen 2024/03/16 v1.1e Standard LaTeX ifthen package (DPC)
)
\@float@every@algorithm=\toks27
\c@algorithm=\count302
)
(/home/xiaoyu/miniconda3/envs/sglang/opt/texlive/texmf-dist/tex/latex/algorithm
icx/algpseudocode.sty
Package: algpseudocode 

(/home/xiaoyu/miniconda3/envs/sglang/opt/texlive/texmf-dist/tex/latex/algorithm
icx/algorithmicx.sty
Package: algorithmicx 2005/04/27 v1.2 Algorithmicx

Document Style algorithmicx 1.2 - a greatly improved `algorithmic' style
\c@ALG@line=\count303
\c@ALG@rem=\count304
\c@ALG@nested=\count305
\ALG@tlm=\skip56
\ALG@thistlm=\skip57
\c@ALG@Lnr=\count306
\c@ALG@blocknr=\count307
\c@ALG@storecount=\count308
\c@ALG@tmpcounter=\count309
\ALG@tmplength=\skip58
)
Document Style - pseudocode environments for use with the `algorithmicx' style
)
(/home/xiaoyu/miniconda3/envs/sglang/opt/texlive/texmf-dist/tex/latex/caption/s
ubcaption.sty
Package: subcaption 2023/07/28 v1.6b Sub-captions (AR)

(/home/xiaoyu/miniconda3/envs/sglang/opt/texlive/texmf-dist/tex/latex/caption/c
aption.sty
Package: caption 2023/08/05 v3.6o Customizing captions (AR)

(/home/xiaoyu/miniconda3/envs/sglang/opt/texlive/texmf-dist/tex/latex/caption/c
aption3.sty
Package: caption3 2023/07/31 v2.4d caption3 kernel (AR)
\caption@tempdima=\dimen182
\captionmargin=\dimen183
\caption@leftmargin=\dimen184
\caption@rightmargin=\dimen185
\caption@width=\dimen186
\caption@indent=\dimen187
\caption@parindent=\dimen188
\caption@hangindent=\dimen189
Package caption Info: Standard document class detected.
)
\c@caption@flags=\count310
\c@continuedfloat=\count311
Package caption Info: float package is loaded.
)
Package caption Info: New subtype `subfigure' on input line 238.
\c@subfigure=\count312
Package caption Info: New subtype `subtable' on input line 238.
\c@subtable=\count313
)
(/home/xiaoyu/miniconda3/envs/sglang/opt/texlive/texmf-dist/tex/latex/listings/
listings.sty
\lst@mode=\count314
\lst@gtempboxa=\box59
\lst@token=\toks28
\lst@length=\count315
\lst@currlwidth=\dimen190
\lst@column=\count316
\lst@pos=\count317
\lst@lostspace=\dimen191
\lst@width=\dimen192
\lst@newlines=\count318
\lst@lineno=\count319
\lst@maxwidth=\dimen193

(/home/xiaoyu/miniconda3/envs/sglang/opt/texlive/texmf-dist/tex/latex/listings/
lstpatch.sty
File: lstpatch.sty 2025/11/14 1.11b (Carsten Heinz)
)
(/home/xiaoyu/miniconda3/envs/sglang/opt/texlive/texmf-dist/tex/latex/listings/
lstmisc.sty
File: lstmisc.sty 2025/11/14 1.11b (Carsten Heinz)
\c@lstnumber=\count320
\lst@skipnumbers=\count321
\lst@framebox=\box60
)
(/home/xiaoyu/miniconda3/envs/sglang/opt/texlive/texmf-dist/tex/latex/listings/
listings.cfg
File: listings.cfg 2025/11/14 1.11b listings configuration
))
Package: listings 2025/11/14 1.11b (Carsten Heinz)

(/home/xiaoyu/miniconda3/envs/sglang/opt/texlive/texmf-dist/tex/latex/enumitem/
enumitem.sty
Package: enumitem 2025/02/06 v3.11 Customized lists
\labelindent=\skip59
\enit@outerparindent=\dimen194
\enit@toks=\toks29
\enit@inbox=\box61
\enit@count@id=\count322
\enitdp@description=\count323
)) (./style/macros.tex)
(/home/xiaoyu/miniconda3/envs/sglang/opt/texlive/texmf-dist/tex/latex/microtype
/microtype.sty
Package: microtype 2026/03/01 v3.2d Micro-typographical refinements (RS)

(/home/xiaoyu/miniconda3/envs/sglang/opt/texlive/texmf-dist/tex/latex/etoolbox/
etoolbox.sty
Package: etoolbox 2025/10/02 v2.5m e-TeX tools for LaTeX (JAW)
\etb@tempcnta=\count324
)
\MT@toks=\toks30
\MT@tempbox=\box62
\MT@count=\count325
LaTeX Info: Redefining \noprotrusionifhmode on input line 1084.
LaTeX Info: Redefining \leftprotrusion on input line 1085.
\MT@prot@toks=\toks31
LaTeX Info: Redefining \rightprotrusion on input line 1104.
LaTeX Info: Redefining \textls on input line 1449.
\MT@outer@kern=\dimen195
LaTeX Info: Redefining \microtypecontext on input line 2053.
LaTeX Info: Redefining \textmicrotypecontext on input line 2070.
\MT@listname@count=\count326

(/home/xiaoyu/miniconda3/envs/sglang/opt/texlive/texmf-dist/tex/latex/microtype
/microtype-pdftex.def
File: microtype-pdftex.def 2026/03/01 v3.2d Definitions specific to pdftex (RS)

LaTeX Info: Redefining \lsstyle on input line 944.
LaTeX Info: Redefining \lslig on input line 944.
\MT@outer@space=\skip60
)
Package microtype Info: Loading configuration file microtype.cfg.

(/home/xiaoyu/miniconda3/envs/sglang/opt/texlive/texmf-dist/tex/latex/microtype
/microtype.cfg
File: microtype.cfg 2026/03/01 v3.2d microtype main configuration file (RS)
)
LaTeX Info: Redefining \microtypesetup on input line 3065.
)
(/home/xiaoyu/miniconda3/envs/sglang/opt/texlive/texmf-dist/tex/latex/hyperref/
hyperref.sty
Package: hyperref 2026-06-17 v7.01r Hypertext links for LaTeX

(/home/xiaoyu/miniconda3/envs/sglang/opt/texlive/texmf-dist/tex/generic/iftex/i
ftex.sty
Package: iftex 2024/12/12 v1.0g TeX engine tests
)
(/home/xiaoyu/miniconda3/envs/sglang/opt/texlive/texmf-dist/tex/latex/kvsetkeys
/kvsetkeys.sty
Package: kvsetkeys 2022-10-05 v1.19 Key value parser (HO)
)
(/home/xiaoyu/miniconda3/envs/sglang/opt/texlive/texmf-dist/tex/generic/kvdefin
ekeys/kvdefinekeys.sty
Package: kvdefinekeys 2019-12-19 v1.6 Define keys (HO)
)
(/home/xiaoyu/miniconda3/envs/sglang/opt/texlive/texmf-dist/tex/generic/pdfesca
pe/pdfescape.sty
Package: pdfescape 2019/12/09 v1.15 Implements pdfTeX's escape features (HO)

(/home/xiaoyu/miniconda3/envs/sglang/opt/texlive/texmf-dist/tex/generic/ltxcmds
/ltxcmds.sty
Package: ltxcmds 2023-12-04 v1.26 LaTeX kernel commands for general use (HO)
)
(/home/xiaoyu/miniconda3/envs/sglang/opt/texlive/texmf-dist/tex/generic/pdftexc
mds/pdftexcmds.sty
Package: pdftexcmds 2020-06-27 v0.33 Utility functions of pdfTeX for LuaTeX (HO
)

(/home/xiaoyu/miniconda3/envs/sglang/opt/texlive/texmf-dist/tex/generic/infware
rr/infwarerr.sty
Package: infwarerr 2019/12/03 v1.5 Providing info/warning/error messages (HO)
)
Package pdftexcmds Info: \pdf@primitive is available.
Package pdftexcmds Info: \pdf@ifprimitive is available.
Package pdftexcmds Info: \pdfdraftmode found.
))
(/home/xiaoyu/miniconda3/envs/sglang/opt/texlive/texmf-dist/tex/latex/hycolor/h
ycolor.sty
Package: hycolor 2020-01-27 v1.10 Color options for hyperref/bookmark (HO)
)
(/home/xiaoyu/miniconda3/envs/sglang/opt/texlive/texmf-dist/tex/latex/hyperref/
nameref.sty
Package: nameref 2026-01-29 v2.58 Cross-referencing by name of section

(/home/xiaoyu/miniconda3/envs/sglang/opt/texlive/texmf-dist/tex/latex/refcount/
refcount.sty
Package: refcount 2019/12/15 v3.6 Data extraction from label references (HO)
)
(/home/xiaoyu/miniconda3/envs/sglang/opt/texlive/texmf-dist/tex/generic/gettitl
estring/gettitlestring.sty
Package: gettitlestring 2019/12/15 v1.6 Cleanup title references (HO)

(/home/xiaoyu/miniconda3/envs/sglang/opt/texlive/texmf-dist/tex/latex/kvoptions
/kvoptions.sty
Package: kvoptions 2022-06-15 v3.15 Key value format for package options (HO)
))
\c@section@level=\count327
)
(/home/xiaoyu/miniconda3/envs/sglang/opt/texlive/texmf-dist/tex/generic/stringe
nc/stringenc.sty
Package: stringenc 2019/11/29 v1.12 Convert strings between diff. encodings (HO
)
)
\@linkdim=\dimen196
\Hy@linkcounter=\count328
\Hy@pagecounter=\count329

(/home/xiaoyu/miniconda3/envs/sglang/opt/texlive/texmf-dist/tex/latex/hyperref/
pd1enc.def
File: pd1enc.def 2026-06-17 v7.01r Hyperref: PDFDocEncoding definition (HO)
Now handling font encoding PD1 ...
... no UTF-8 mapping file for font encoding PD1
)
(/home/xiaoyu/miniconda3/envs/sglang/opt/texlive/texmf-dist/tex/generic/intcalc
/intcalc.sty
Package: intcalc 2019/12/15 v1.3 Expandable calculations with integers (HO)
)
\Hy@SavedSpaceFactor=\count330

(/home/xiaoyu/miniconda3/envs/sglang/opt/texlive/texmf-dist/tex/latex/hyperref/
puenc.def
File: puenc.def 2026-06-17 v7.01r Hyperref: PDF Unicode definition (HO)
Now handling font encoding PU ...
... no UTF-8 mapping file for font encoding PU
)
Package hyperref Info: Hyper figures OFF on input line 4199.
Package hyperref Info: Link nesting OFF on input line 4204.
Package hyperref Info: Hyper index ON on input line 4207.
Package hyperref Info: Plain pages OFF on input line 4214.
Package hyperref Info: Backreferencing OFF on input line 4219.
Package hyperref Info: Implicit mode ON; LaTeX internals redefined.
Package hyperref Info: Bookmarks ON on input line 4466.
\c@Hy@tempcnt=\count331

(/home/xiaoyu/miniconda3/envs/sglang/opt/texlive/texmf-dist/tex/latex/url/url.s
ty
\Urlmuskip=\muskip18
Package: url 2013/09/16  ver 3.4  Verb mode for urls, etc.
)
LaTeX Info: Redefining \url on input line 4805.
\XeTeXLinkMargin=\dimen197

(/home/xiaoyu/miniconda3/envs/sglang/opt/texlive/texmf-dist/tex/generic/bitset/
bitset.sty
Package: bitset 2019/12/09 v1.3 Handle bit-vector datatype (HO)

(/home/xiaoyu/miniconda3/envs/sglang/opt/texlive/texmf-dist/tex/generic/bigintc
alc/bigintcalc.sty
Package: bigintcalc 2019/12/15 v1.5 Expandable calculations on big integers (HO
)
))
\Fld@menulength=\count332
\Field@Width=\dimen198
\Fld@charsize=\dimen199
Package hyperref Info: Hyper figures OFF on input line 6091.
Package hyperref Info: Link nesting OFF on input line 6096.
Package hyperref Info: Hyper index ON on input line 6099.
Package hyperref Info: backreferencing OFF on input line 6106.
Package hyperref Info: Link coloring OFF on input line 6111.
Package hyperref Info: Link coloring with OCG OFF on input line 6116.
Package hyperref Info: PDF/A mode OFF on input line 6121.
\Hy@abspage=\count333
\c@Item=\count334
\c@Hfootnote=\count335
)
Package hyperref Info: Driver (autodetected): hpdftex.

(/home/xiaoyu/miniconda3/envs/sglang/opt/texlive/texmf-dist/tex/latex/hyperref/
hpdftex.def
File: hpdftex.def 2026-06-17 v7.01r Hyperref driver for pdfTeX
\Fld@listcount=\count336
\c@bookmark@seq@number=\count337

(/home/xiaoyu/miniconda3/envs/sglang/opt/texlive/texmf-dist/tex/latex/rerunfile
check/rerunfilecheck.sty
Package: rerunfilecheck 2025-06-21 v1.11 Rerun checks for auxiliary files (HO)

(/home/xiaoyu/miniconda3/envs/sglang/opt/texlive/texmf-dist/tex/generic/uniquec
ounter/uniquecounter.sty
Package: uniquecounter 2019/12/15 v1.4 Provide unlimited unique counter (HO)
)
Package uniquecounter Info: New unique counter `rerunfilecheck' on input line 2
84.
)
\Hy@SectionHShift=\skip61
)
(/home/xiaoyu/miniconda3/envs/sglang/opt/texlive/texmf-dist/tex/latex/xurl/xurl
.sty
Package: xurl 2022/01/09 v 0.10 modify URL breaks
) (./mlsys2025.sty
Package: mlsys2025 2018/07/02 v0.1 mlsys Conference Style File

(/home/xiaoyu/miniconda3/envs/sglang/opt/texlive/texmf-dist/tex/latex/psnfss/ti
mes.sty
Package: times 2020/03/25 PSNFSS-v9.3 (SPQR) 
)
(/home/xiaoyu/miniconda3/envs/sglang/opt/texlive/texmf-dist/tex/latex/fancyhdr/
fancyhdr.sty
Package: fancyhdr 2025/02/07 v5.2 Extensive control of page headers and footers

\f@nch@headwidth=\skip62
\f@nch@offset@elh=\skip63
\f@nch@offset@erh=\skip64
\f@nch@offset@olh=\skip65
\f@nch@offset@orh=\skip66
\f@nch@offset@elf=\skip67
\f@nch@offset@erf=\skip68
\f@nch@offset@olf=\skip69
\f@nch@offset@orf=\skip70
\f@nch@height=\skip71
\f@nch@footalignment=\skip72
\f@nch@widthL=\skip73
\f@nch@widthC=\skip74
\f@nch@widthR=\skip75
\@temptokenb=\toks32
)
(/home/xiaoyu/miniconda3/envs/sglang/opt/texlive/texmf-dist/tex/latex/natbib/na
tbib.sty
Package: natbib 2010/09/13 8.31b (PWD, AO)
\bibhang=\skip76
\bibsep=\skip77
LaTeX Info: Redefining \cite on input line 694.
\c@NAT@ctr=\count338
)
(/home/xiaoyu/miniconda3/envs/sglang/opt/texlive/texmf-dist/tex/latex/eso-pic/e
so-pic.sty
Package: eso-pic 2026/05/31 v3.0e eso-pic (RN)
\ESO@tempdima=\dimen256
\ESO@tempdimb=\dimen257
)
(/home/xiaoyu/miniconda3/envs/sglang/opt/texlive/texmf-dist/tex/latex/forloop/f
orloop.sty
Package: forloop 2023/05/03 v3.0 For Loops for LaTeX
)
Package hyperref Info: Option `colorlinks' set `true' on input line 77.
\titrun=\box63
\c@@affiliationcounter=\count339
\c@@affilnum=\count340
\newcaptionbox=\box64
\newcaptionboxwid=\dimen258
\icmlrulerbox=\box65
\icmlrulercount=\count341
\icmlruleroffset=\dimen259
\cv@lineheight=\dimen260
\cv@boxheight=\dimen261
\cv@tmpbox=\box66
\cv@refno=\count342
\cv@tot=\count343
\cv@tmpc@=\count344
\cv@tmpc=\count345
)
(/home/xiaoyu/miniconda3/envs/sglang/opt/texlive/texmf-dist/tex/latex/inconsola
ta/zi4.sty
Package: zi4 2019/05/17 v1.12

`inconsolata-zi4' v1.12, 2019/05/17 Text macros for Inconsolata (msharpe)
(/home/xiaoyu/miniconda3/envs/sglang/opt/texlive/texmf-dist/tex/latex/base/text
comp.sty
Package: textcomp 2024/04/24 v2.1b Standard LaTeX package
)
(/home/xiaoyu/miniconda3/envs/sglang/opt/texlive/texmf-dist/tex/latex/xkeyval/x
keyval.sty
Package: xkeyval 2025/11/04 v2.10 package option processing (HA)

(/home/xiaoyu/miniconda3/envs/sglang/opt/texlive/texmf-dist/tex/generic/xkeyval
/xkeyval.tex
(/home/xiaoyu/miniconda3/envs/sglang/opt/texlive/texmf-dist/tex/generic/xkeyval
/xkvutils.tex
\XKV@toks=\toks33
\XKV@tempa@toks=\toks34
\XKV@tempb@toks=\toks35
)
\XKV@depth=\count346
File: xkeyval.tex 2014/12/03 v2.7a key=value parser (HA)
))
\zifour@ocount=\count347
)
LaTeX Font Info:    Trying to load font information for OT1+ptm on input line 2
5.

(/home/xiaoyu/miniconda3/envs/sglang/opt/texlive/texmf-dist/tex/latex/psnfss/ot
1ptm.fd
File: ot1ptm.fd 2001/06/04 font definitions for OT1/ptm.
)
(/home/xiaoyu/miniconda3/envs/sglang/opt/texlive/texmf-dist/tex/latex/l3kernel/
l3backend-pdftex.def
File: l3backend-pdftex.def 2026-08-10 L3 backend support: PDF output (pdfTeX)
\l__color_backend_stack_int=\count348
) (./main.aux)
\openout1 = `main.aux'.

LaTeX Font Info:    Checking defaults for OML/cmm/m/it on input line 25.
LaTeX Font Info:    ... okay on input line 25.
LaTeX Font Info:    Checking defaults for OMS/cmsy/m/n on input line 25.
LaTeX Font Info:    ... okay on input line 25.
LaTeX Font Info:    Checking defaults for OT1/cmr/m/n on input line 25.
LaTeX Font Info:    ... okay on input line 25.
LaTeX Font Info:    Checking defaults for T1/cmr/m/n on input line 25.
LaTeX Font Info:    ... okay on input line 25.
LaTeX Font Info:    Checking defaults for TS1/cmr/m/n on input line 25.
LaTeX Font Info:    ... okay on input line 25.
LaTeX Font Info:    Checking defaults for OMX/cmex/m/n on input line 25.
LaTeX Font Info:    ... okay on input line 25.
LaTeX Font Info:    Checking defaults for U/cmr/m/n on input line 25.
LaTeX Font Info:    ... okay on input line 25.
LaTeX Font Info:    Checking defaults for PD1/pdf/m/n on input line 25.
LaTeX Font Info:    ... okay on input line 25.
LaTeX Font Info:    Checking defaults for PU/pdf/m/n on input line 25.
LaTeX Font Info:    ... okay on input line 25.

(/home/xiaoyu/miniconda3/envs/sglang/opt/texlive/texmf-dist/tex/context/base/mk
ii/supp-pdf.mkii
[Loading MPS to PDF converter (version 2006.09.02).]
\scratchcounter=\count349
\scratchdimen=\dimen262
\scratchbox=\box67
\nofMPsegments=\count350
\nofMParguments=\count351
\everyMPshowfont=\toks36
\MPscratchCnt=\count352
\MPscratchDim=\dimen263
\MPnumerator=\count353
\makeMPintoPDFobject=\count354
\everyMPtoPDFconversion=\toks37
)
(/home/xiaoyu/miniconda3/envs/sglang/opt/texlive/texmf-dist/tex/latex/epstopdf-
pkg/epstopdf-base.sty
Package: epstopdf-base 2020-01-24 v2.11 Base part for package epstopdf
Package epstopdf-base Info: Redefining graphics rule for `.eps' on input line 4
85.

(/home/xiaoyu/miniconda3/envs/sglang/opt/texlive/texmf-dist/tex/latex/latexconf
ig/epstopdf-sys.cfg
File: epstopdf-sys.cfg 2010/07/13 v1.3 Configuration of (r)epstopdf for TeX Liv
e
))
Package caption Info: Begin \AtBeginDocument code.
Package caption Info: hyperref package is loaded.
Package caption Info: listings package is loaded.
Package caption Info: End \AtBeginDocument code.
\c@lstlisting=\count355
LaTeX Info: Redefining \microtypecontext on input line 25.
Package microtype Info: Applying patch `item' on input line 25.
Package microtype Info: Applying patch `toc' on input line 25.
Package microtype Info: Applying patch `eqnum' on input line 25.
Package microtype Info: Applying patch `footnote' on input line 25.
Package microtype Info: Applying patch `verbatim' on input line 25.
LaTeX Info: Redefining \microtypesetup on input line 25.
Package microtype Info: Generating PDF output.
Package microtype Info: Character protrusion enabled (level 2).
Package microtype Info: Using default protrusion set `alltext'.
Package microtype Info: Automatic font expansion enabled (level 2),
(microtype)             stretch: 20, shrink: 20, step: 1, non-selected.
Package microtype Info: Using default expansion set `alltext-nott'.
Package microtype Info: Patching command `\showhyphens'.
Package microtype Info: No adjustment of tracking.
Package microtype Info: No adjustment of interword spacing.
Package microtype Info: No adjustment of character kerning.

(/home/xiaoyu/miniconda3/envs/sglang/opt/texlive/texmf-dist/tex/latex/microtype
/mt-ptm.cfg
File: mt-ptm.cfg 2006/04/20 v1.7 microtype config. file: Times (RS)
)
Package hyperref Info: Link coloring ON on input line 25.
 (./main.out) (./main.out)
\@outlinefile=\write3
\openout3 = `main.out'.


(/home/xiaoyu/miniconda3/envs/sglang/opt/texlive/texmf-dist/tex/latex/upquote/u
pquote.sty
Package: upquote 2012/04/19 v1.3 upright-quote and grave-accent glyphs in verba
tim
)
\c@@affil@anon=\count356

(/home/xiaoyu/miniconda3/envs/sglang/opt/texlive/texmf-dist/tex/latex/microtype
/mt-cmr.cfg
File: mt-cmr.cfg 2013/05/19 v2.2 microtype config. file: Computer Modern Roman 
(RS)
) (./sections/abstract.tex)

Package hyperref Warning: Ignoring empty anchor on input line 44.

LaTeX Font Info:    Trying to load font information for OML+ptm on input line 4
4.

(/home/xiaoyu/miniconda3/envs/sglang/opt/texlive/texmf-dist/tex/latex/psnfss/om
lptm.fd
File: omlptm.fd 
)
LaTeX Font Info:    Font shape `OML/ptm/m/n' in size <9> not available
(Font)              Font shape `OML/cmm/m/it' tried instead on input line 44.
 (./sections/introduction.tex
<figures/Sample_heterogeneity.pdf, id=111, 1129.33919pt x 462.76888pt>
File: figures/Sample_heterogeneity.pdf Graphic file (type pdf)
<use figures/Sample_heterogeneity.pdf>
Package pdftex.def Info: figures/Sample_heterogeneity.pdf  used on input line 1
6.
(pdftex.def)             Requested size: 234.8775pt x 96.24518pt.
LaTeX Font Info:    Trying to load font information for OT1+zi4 on input line 1
9.

(/home/xiaoyu/miniconda3/envs/sglang/opt/texlive/texmf-dist/tex/latex/inconsola
ta/ot1zi4.fd
File: ot1zi4.fd 2018/01/14 OT1/zi4 (Inconsolata)
)
LaTeX Font Info:    Font shape `OT1/zi4/m/n' will be
(Font)              scaled to size 10.0pt on input line 19.
Package microtype Info: Loading generic protrusion settings for font family
(microtype)             `zi4' (encoding: OT1).
(microtype)             For optimal results, create family-specific settings.
(microtype)             See the microtype manual for details.
LaTeX Font Info:    Font shape `OT1/zi4/m/n' will be
(Font)              scaled to size 9.0pt on input line 19.

Underfull \vbox (badness 10000) has occurred while \output is active []

 [1{/home/xiaoyu/miniconda3/envs/sglang/opt/texlive/texmf-var/fonts/map/pdftex/
updmap/pdftex.map}{/home/xiaoyu/miniconda3/envs/sglang/opt/texlive/texmf-dist/f
onts/enc/dvips/base/8r.enc}



{/home/xiaoyu/miniconda3/envs/sglang/opt/texlive/texmf-dist/fonts/enc/dvips/inc
onsolata/i4-ot1-4.enc} <./figures/Sample_heterogeneity.pdf>])
(./sections/background.tex
Underfull \vbox (badness 10000) has occurred while \output is active []


(./figures/common_structure.tex
LaTeX Font Info:    Trying to load font information for OT1+phv on input line 1
5.

(/home/xiaoyu/miniconda3/envs/sglang/opt/texlive/texmf-dist/tex/latex/psnfss/ot
1phv.fd
File: ot1phv.fd 2020/03/25 scalable font definitions for OT1/phv.
)
Package microtype Info: Loading generic protrusion settings for font family
(microtype)             `phv' (encoding: OT1).
(microtype)             For optimal results, create family-specific settings.
(microtype)             See the microtype manual for details.
LaTeX Font Info:    Font shape `OT1/zi4/m/n' will be
(Font)              scaled to size 6.0pt on input line 25.
LaTeX Font Info:    Trying to load font information for OMS+zi4 on input line 3
8.
LaTeX Font Info:    No file OMSzi4.fd. on input line 38.


LaTeX Font Warning: Font shape `OMS/zi4/m/n' undefined
(Font)              using `OMS/cmsy/m/n' instead
(Font)              for symbol `textbraceleft' on input line 38.

)
Underfull \vbox (badness 10000) has occurred while \output is active []



Package fancyhdr Warning: \footskip is too small (0.0pt): 
(fancyhdr)                Make it at least 3.30003pt, for example:
(fancyhdr)                \setlength{\footskip}{3.30003pt}.

[2]
Underfull \vbox (badness 10000) has occurred while \output is active []

)
(./sections/motivation.tex
Underfull \vbox (badness 10000) has occurred while \output is active []



Package fancyhdr Warning: \footskip is too small (0.0pt): 
(fancyhdr)                Make it at least 3.30003pt, for example:
(fancyhdr)                \setlength{\footskip}{3.30003pt}.

[3]) (./sections/design.tex
<figures/ArchOverview.pdf, id=247, 1098.02213pt x 536.96606pt>
File: figures/ArchOverview.pdf Graphic file (type pdf)
<use figures/ArchOverview.pdf>
Package pdftex.def Info: figures/ArchOverview.pdf  used on input line 9.
(pdftex.def)             Requested size: 487.8225pt x 238.55995pt.
LaTeX Font Info:    Trying to load font information for TS1+ptm on input line 2
4.

(/home/xiaoyu/miniconda3/envs/sglang/opt/texlive/texmf-dist/tex/latex/psnfss/ts
1ptm.fd
File: ts1ptm.fd 2001/06/04 font definitions for TS1/ptm.
)

Package fancyhdr Warning: \footskip is too small (0.0pt): 
(fancyhdr)                Make it at least 3.30003pt, for example:
(fancyhdr)                \setlength{\footskip}{3.30003pt}.

[4]
<figures/Relayout_illustrate.pdf, id=266, 356.29109pt x 258.9675pt>
File: figures/Relayout_illustrate.pdf Graphic file (type pdf)
<use figures/Relayout_illustrate.pdf>
Package pdftex.def Info: figures/Relayout_illustrate.pdf  used on input line 80
.
(pdftex.def)             Requested size: 234.8775pt x 170.72148pt.


Package fancyhdr Warning: \footskip is too small (0.0pt): 
(fancyhdr)                Make it at least 3.30003pt, for example:
(fancyhdr)                \setlength{\footskip}{3.30003pt}.

[5 <./figures/ArchOverview.pdf>]
Package hyperref Info: bookmark level for unknown algorithm defaults to 0 on in
put line 111.


Package fancyhdr Warning: \footskip is too small (0.0pt): 
(fancyhdr)                Make it at least 3.30003pt, for example:
(fancyhdr)                \setlength{\footskip}{3.30003pt}.

[6 <./figures/Relayout_illustrate.pdf>]

Package fancyhdr Warning: \footskip is too small (0.0pt): 
(fancyhdr)                Make it at least 3.30003pt, for example:
(fancyhdr)                \setlength{\footskip}{3.30003pt}.

[7]

Package fancyhdr Warning: \footskip is too small (0.0pt): 
(fancyhdr)                Make it at least 3.30003pt, for example:
(fancyhdr)                \setlength{\footskip}{3.30003pt}.

[8]) (./sections/implementation.tex) (./sections/evaluation.tex
<figures/sweep_graph/legend.pdf, id=376, 375.76825pt x 15.53806pt>
File: figures/sweep_graph/legend.pdf Graphic file (type pdf)
<use figures/sweep_graph/legend.pdf>
Package pdftex.def Info: figures/sweep_graph/legend.pdf  used on input line 28.

(pdftex.def)             Requested size: 367.81708pt x 15.20987pt.
<figures/sweep_graph/fact_check/ttft_speedup.pdf, id=377, 159.47531pt x 98.0458
2pt>
File: figures/sweep_graph/fact_check/ttft_speedup.pdf Graphic file (type pdf)
<use figures/sweep_graph/fact_check/ttft_speedup.pdf>
Package pdftex.def Info: figures/sweep_graph/fact_check/ttft_speedup.pdf  used 
on input line 32.
(pdftex.def)             Requested size: 156.10677pt x 95.97801pt.
<figures/sweep_graph/coding/ttft_speedup.pdf, id=378, 159.47531pt x 98.04582pt>

File: figures/sweep_graph/coding/ttft_speedup.pdf Graphic file (type pdf)
<use figures/sweep_graph/coding/ttft_speedup.pdf>
Package pdftex.def Info: figures/sweep_graph/coding/ttft_speedup.pdf  used on i
nput line 39.
(pdftex.def)             Requested size: 156.10677pt x 95.97801pt.
<figures/sweep_graph/BFCL/ttft_speedup.pdf, id=379, 159.47531pt x 98.04582pt>
File: figures/sweep_graph/BFCL/ttft_speedup.pdf Graphic file (type pdf)
<use figures/sweep_graph/BFCL/ttft_speedup.pdf>
Package pdftex.def Info: figures/sweep_graph/BFCL/ttft_speedup.pdf  used on inp
ut line 46.
(pdftex.def)             Requested size: 156.10677pt x 95.97801pt.
<figures/sweep_graph/fact_check/jct_speedup.pdf, id=380, 159.47531pt x 98.04582
pt>
File: figures/sweep_graph/fact_check/jct_speedup.pdf Graphic file (type pdf)
<use figures/sweep_graph/fact_check/jct_speedup.pdf>
Package pdftex.def Info: figures/sweep_graph/fact_check/jct_speedup.pdf  used o
n input line 54.
(pdftex.def)             Requested size: 156.10677pt x 95.97801pt.
<figures/sweep_graph/coding/jct_speedup.pdf, id=381, 159.47531pt x 98.04582pt>
File: figures/sweep_graph/coding/jct_speedup.pdf Graphic file (type pdf)
<use figures/sweep_graph/coding/jct_speedup.pdf>
Package pdftex.def Info: figures/sweep_graph/coding/jct_speedup.pdf  used on in
put line 61.
(pdftex.def)             Requested size: 156.10677pt x 95.97801pt.
<figures/sweep_graph/BFCL/jct_speedup.pdf, id=382, 159.47531pt x 98.04582pt>
File: figures/sweep_graph/BFCL/jct_speedup.pdf Graphic file (type pdf)
<use figures/sweep_graph/BFCL/jct_speedup.pdf>
Package pdftex.def Info: figures/sweep_graph/BFCL/jct_speedup.pdf  used on inpu
t line 68.
(pdftex.def)             Requested size: 156.10677pt x 95.97801pt.


Package fancyhdr Warning: \footskip is too small (0.0pt): 
(fancyhdr)                Make it at least 3.30003pt, for example:
(fancyhdr)                \setlength{\footskip}{3.30003pt}.

[9]
<figures/sweep_graph/hit_rate.pdf, id=402, 235.35883pt x 101.68256pt>
File: figures/sweep_graph/hit_rate.pdf Graphic file (type pdf)
<use figures/sweep_graph/hit_rate.pdf>
Package pdftex.def Info: figures/sweep_graph/hit_rate.pdf  used on input line 1
40.
(pdftex.def)             Requested size: 234.8775pt x 101.48059pt.

Underfull \vbox (badness 2443) has occurred while \output is active []


Underfull \vbox (badness 10000) has occurred while \output is active []



Package fancyhdr Warning: \footskip is too small (0.0pt): 
(fancyhdr)                Make it at least 3.30003pt, for example:
(fancyhdr)                \setlength{\footskip}{3.30003pt}.

[10 <./figures/sweep_graph/legend.pdf> <./figures/sweep_graph/fact_check/ttft_s
peedup.pdf> <./figures/sweep_graph/coding/ttft_speedup.pdf> <./figures/sweep_gr
aph/BFCL/ttft_speedup.pdf> <./figures/sweep_graph/fact_check/jct_speedup.pdf> <
./figures/sweep_graph/coding/jct_speedup.pdf> <./figures/sweep_graph/BFCL/jct_s
peedup.pdf>]) (./sections/related_work.tex
Underfull \vbox (badness 10000) has occurred while \output is active []

)
(./sections/conclusion.tex) (./main.bbl

Package fancyhdr Warning: \footskip is too small (0.0pt): 
(fancyhdr)                Make it at least 3.30003pt, for example:
(fancyhdr)                \setlength{\footskip}{3.30003pt}.

[11 <./figures/sweep_graph/hit_rate.pdf>]
LaTeX Font Info:    Font shape `OT1/zi4/m/n' will be
(Font)              scaled to size 7.0pt on input line 86.
LaTeX Font Info:    Font shape `OT1/zi4/m/n' will be
(Font)              scaled to size 5.0pt on input line 86.


Package fancyhdr Warning: \footskip is too small (0.0pt): 
(fancyhdr)                Make it at least 3.30003pt, for example:
(fancyhdr)                \setlength{\footskip}{3.30003pt}.

[12])

Package fancyhdr Warning: \footskip is too small (0.0pt): 
(fancyhdr)                Make it at least 3.30003pt, for example:
(fancyhdr)                \setlength{\footskip}{3.30003pt}.

[13

] (./main.aux)
 ***********
LaTeX2e <2026-06-01>
L3 programming layer <2026-08-10>
 ***********


LaTeX Font Warning: Some font shapes were not available, defaults substituted.

Package rerunfilecheck Info: File `main.out' has not changed.
(rerunfilecheck)             Checksum: 9763383336ADB7CDBA779150792253B6;3843.
 ) 
Here is how much of TeX's memory you used:
 18236 strings out of 468580
 297527 string characters out of 5440058
 768290 words of memory out of 5000000
 46416 multiletter control sequences out of 15000+600000
 693323 words of font info for 449 fonts, out of 8000000 for 9000
 319 hyphenation exceptions out of 8191
 74i,12n,80p,1276b,652s stack positions out of 10000i,1000n,20000p,200000b,200000s
</home/xiaoyu/miniconda3/envs/sglang/opt/texlive/texmf-dist/fonts/type1/publi
c/inconsolata/Inconsolata-zi4r.pfb></home/xiaoyu/miniconda3/envs/sglang/opt/tex
live/texmf-dist/fonts/type1/public/amsfonts/cm/cmex10.pfb></home/xiaoyu/minicon
da3/envs/sglang/opt/texlive/texmf-dist/fonts/type1/public/amsfonts/cm/cmmi10.pf
b></home/xiaoyu/miniconda3/envs/sglang/opt/texlive/texmf-dist/fonts/type1/publi
c/amsfonts/cm/cmmi7.pfb></home/xiaoyu/miniconda3/envs/sglang/opt/texlive/texmf-
dist/fonts/type1/public/amsfonts/cm/cmmi9.pfb></home/xiaoyu/miniconda3/envs/sgl
ang/opt/texlive/texmf-dist/fonts/type1/public/amsfonts/cm/cmr10.pfb></home/xiao
yu/miniconda3/envs/sglang/opt/texlive/texmf-dist/fonts/type1/public/amsfonts/cm
/cmr7.pfb></home/xiaoyu/miniconda3/envs/sglang/opt/texlive/texmf-dist/fonts/typ
e1/public/amsfonts/cm/cmsy10.pfb></home/xiaoyu/miniconda3/envs/sglang/opt/texli
ve/texmf-dist/fonts/type1/public/amsfonts/cm/cmsy5.pfb></home/xiaoyu/miniconda3
/envs/sglang/opt/texlive/texmf-dist/fonts/type1/public/amsfonts/cm/cmsy6.pfb></
home/xiaoyu/miniconda3/envs/sglang/opt/texlive/texmf-dist/fonts/type1/public/am
sfonts/cm/cmsy7.pfb></home/xiaoyu/miniconda3/envs/sglang/opt/texlive/texmf-dist
/fonts/type1/urw/helvetic/uhvb8a.pfb></home/xiaoyu/miniconda3/envs/sglang/opt/t
exlive/texmf-dist/fonts/type1/urw/helvetic/uhvr8a.pfb></home/xiaoyu/miniconda3/
envs/sglang/opt/texlive/texmf-dist/fonts/type1/urw/times/utmb8a.pfb></home/xiao
yu/miniconda3/envs/sglang/opt/texlive/texmf-dist/fonts/type1/urw/times/utmr8a.p
fb></home/xiaoyu/miniconda3/envs/sglang/opt/texlive/texmf-dist/fonts/type1/urw/
times/utmr8a.pfb></home/xiaoyu/miniconda3/envs/sglang/opt/texlive/texmf-dist/fo
nts/type1/urw/times/utmri8a.pfb>
Output written on main.pdf (13 pages, 491677 bytes).
PDF statistics:
 694 PDF objects out of 1000 (max. 8388607)
 552 compressed objects within 6 object streams
 106 named destinations out of 1000 (max. 500000)
 108280 words of extra memory for PDF output out of 128383 (max. 10000000)

